set NUTR := A C B1 B2 NA CAL;

set FOOD := BEEF CHK FISH HAM MCH MTL SPG TUR;

amt [*,*] (tr)
:      A    B1   B2   C    CAL    NA     :=
BEEF   60   10   15   20   295    938
CHK     8   20   20    0   770   2180
FISH    8   15   10   10   440    945
HAM    40   35   10   40   430    278
MCH    15   15   15   35   315   1182
MTL    70   15   15   30   400    896
SPG    25   25   15   50   370   1329
TUR    60   15   10   20   450   1397
;

MINOS 5.51: optimal solution found.
13 iterations, objective 118.0594032
:            Buy[j]               Buy[j].rc           Buy[j]/f_max[j]      :=
BEEF    5.360613810741664    2.220446049250313e-15   0.5360613810741663
CHK     2                    1.188840579710143       0.2
FISH    2                    1.144407502131287       0.2
HAM    10                   -0.30265132139812123     1
MCH    10                   -0.5511508951406645      1
MTL    10                   -1.3289002557544731      1
SPG     9.306052855924994    0                       0.9306052855924994
TUR     2                    2.7316197783461185      0.2
;

