D [1,*,*] (tr)
:        3      4    5     '3'   '4'  '5'    :=
6     '11111'   -1   -1   22222   -1   -1
7     -1        -1   -1      -1   -1   -1
8     -1        -1   -1      -1   -1   -1
9     -1        -1   -1      -1   -1   -1
'6'   -1        -1   -1      -1   -1   -1
'7'   -1        -1   -1      -1   -1   -1
'8'   -1        -1   -1      -1   -1   -1
'9'   -1        -1   -1      -1   -1   -1

 [2,*,*] (tr)
:     3    4      5    '3'  '4'  '5'    :=
6     -1   -1      -1   -1   -1   -1
7     -1   -1      -1   -1   -1   -1
8     -1   -1      -1   -1   -1   -1
9     -1   -1   33333   -1   -1   -1
'6'   -1   -1      -1   -1   -1   -1
'7'   -1   -1      -1   -1   -1   -1
'8'   -1   -1      -1   -1   -1   -1
'9'   -1   -1      -1   -1   -1   -1

 ['1',*,*] (tr)
:        3      4    5     '3'   '4'  '5'    :=
6     -1        -1   -1      -1   -1   -1
7     -1        -1   -1      -1   -1   -1
8     -1        -1   -1      -1   -1   -1
9     -1        -1   -1      -1   -1   -1
'6'   '22222'   -1   -1   11111   -1   -1
'7'   -1        -1   -1      -1   -1   -1
'8'   -1        -1   -1      -1   -1   -1
'9'   -1        -1   -1      -1   -1   -1

 ['2',*,*] (tr)
:     3    4    5   '3'  '4'     '5'      :=
6     -1   -1   -1   -1   -1   -1
7     -1   -1   -1   -1   -1   -1
8     -1   -1   -1   -1   -1   -1
9     -1   -1   -1   -1   -1   -1
'6'   -1   -1   -1   -1   -1   -1
'7'   -1   -1   -1   -1   -1   -1
'8'   -1   -1   -1   -1   -1   -1
'9'   -1   -1   -1   -1   -1   '33333'
;

