T_LINKS_F1 [DC1,T1,*,*]
:     DC1     S1     S2     S3     S4     :=
DC1    .     0.55   0.43   0.62   0.57
S1    0.55    .     0.23   0.38   0.35
S2    0.43   0.23    .     0.3    0.35
S3    0.62   0.38   0.3     .     0.37
S4    0.57   0.35   0.35   0.37    .

 [DC1,T2,*,*]
:     DC1     S1     S2     S3     S4     :=
DC1    .     0.55   0.43   0.62   0.57
S1    0.55    .     0.23   0.38   0.35
S2    0.43   0.23    .     0.3    0.35
S3    0.62   0.38   0.3     .     0.37
S4    0.57   0.35   0.35   0.37    .

 [DC2,T3,*,*]
:     DC2     S1     S2     S3     S4     :=
DC2    .     0.62   0.62   0.45   0.57
S1    0.62    .     0.23   0.38   0.35
S2    0.62   0.23    .     0.3    0.35
S3    0.45   0.38   0.3     .     0.37
S4    0.57   0.35   0.35   0.37    .

 [DC2,T4,*,*]
:     DC2     S1     S2     S3     S4     :=
DC2    .     0.62   0.62   0.45   0.57
S1    0.62    .     0.23   0.38   0.35
S2    0.62   0.23    .     0.3    0.35
S3    0.45   0.38   0.3     .     0.37
S4    0.57   0.35   0.35   0.37    .
;

