C :=
1 1   20
1 2   19
1 3   18
1 4   17
1 5   16
2 1   15
2 2   14
2 3   13
2 4   12
2 5   11
3 1   10
3 2    9
3 3    8
3 4    7
3 5    6
4 1    5
4 2    4
4 3    3
4 4    2
4 5    1
;

