C :=
1 1   6
1 2   5
1 3   4
2 1   3
2 2   2
2 3   1
;

